Third Template
March 20161  
Item List and Equations
In the item list the body of the item list is either a plain text or a text displayed in math mode.


item 1
1 + 3
item 2
item 3
item 4
Missing Item List
In latex an item list can not be empty.  If so a compilation error will occur stating the problem. Similar to template 2 the line number should appear inthe error message as well.
Parse Error
